==============================================
Remapping Algorithm Benchmark Suite
==============================================
Timestamp: 20260120_095124
Output directory: /home/chris/work/iceberg/benchmark/remapping-optimization

[1/4] Running JMH Benchmarks...
      This may take 2-3 hours for the full suite.

To honour the JVM settings for this build a single-use Daemon process will be forked. For more on this, please refer to https://docs.gradle.org/8.14.3/userguide/gradle_daemon.html#sec:disabling_the_daemon in the Gradle documentation.
Daemon will be stopped at the end of the build 
Configuration on demand is an incubating feature.
> Task :iceberg-core:processResources NO-SOURCE
> Task :iceberg-common:processResources NO-SOURCE
> Task :iceberg-api:processResources NO-SOURCE
> Task :iceberg-core:processTestResources UP-TO-DATE
> Task :iceberg-core:processJmhResources NO-SOURCE
> Task :iceberg-bundled-guava:compileJava UP-TO-DATE
> Task :iceberg-bundled-guava:processResources NO-SOURCE
> Task :iceberg-bundled-guava:classes UP-TO-DATE
> Task :iceberg-bundled-guava:compileTestJava NO-SOURCE
> Task :iceberg-bundled-guava:shadowJar UP-TO-DATE
> Task :iceberg-common:compileJava UP-TO-DATE
> Task :iceberg-common:classes UP-TO-DATE
> Task :iceberg-api:compileJava UP-TO-DATE
> Task :iceberg-api:classes UP-TO-DATE
> Task :iceberg-api:compileTestJava UP-TO-DATE
> Task :iceberg-core:compileJava UP-TO-DATE
> Task :iceberg-core:classes UP-TO-DATE
> Task :generateGitProperties
> Task :buildInfo
> Task :spotlessInternalRegisterDependencies UP-TO-DATE
> Task :iceberg-api:jar UP-TO-DATE
> Task :iceberg-common:jar UP-TO-DATE
> Task :iceberg-api:processTestResources UP-TO-DATE
> Task :iceberg-api:testClasses UP-TO-DATE
> Task :iceberg-api:testJar UP-TO-DATE
> Task :iceberg-core:compileTestJava UP-TO-DATE
> Task :iceberg-core:testClasses UP-TO-DATE
> Task :iceberg-core:compileJmhJava UP-TO-DATE
> Task :iceberg-core:jmhClasses UP-TO-DATE
> Task :iceberg-core:jmhRunBytecodeGenerator UP-TO-DATE
> Task :iceberg-core:jmhCompileGeneratedClasses UP-TO-DATE
> Task :iceberg-core:jmhJar UP-TO-DATE
> Task :iceberg-core:jmh

> Task :iceberg-core:jmhReport
JMH Report generated, please open: file:///home/chris/work/iceberg/core/build/reports/jmh/results/index.html

[Incubating] Problems report is available at: file:///home/chris/work/iceberg/build/reports/problems/problems-report.html

Deprecated Gradle features were used in this build, making it incompatible with Gradle 9.0.

You can use '--warning-mode all' to show the individual deprecation warnings and determine if they come from your own scripts or plugins.

For more on this, please refer to https://docs.gradle.org/8.14.3/userguide/command_line_interface.html#sec:command_line_warnings in the Gradle documentation.

BUILD SUCCESSFUL in 1h 56m
20 actionable tasks: 3 executed, 17 up-to-date

[1/4] Benchmarks complete.
      Results: /home/chris/work/iceberg/benchmark/remapping-optimization/results_20260120_095124.txt
      JSON:    /home/chris/work/iceberg/benchmark/remapping-optimization/results_20260120_095124.json

[2/4] Running Analysis...
Parsing results from: /home/chris/work/iceberg/benchmark/remapping-optimization/results_20260120_095124.txt
No results found in file!
