[main] INFO org.apache.iceberg.benchmark.remapping.RemappingMicrobenchmark - === Remapping Microbenchmark ===
[main] INFO org.apache.iceberg.benchmark.remapping.RemappingMicrobenchmark - Storage URI: abfss://benchmark@icebergbench2766.dfs.core.windows.net/benchmark/20260512_122017
[main] INFO org.apache.iceberg.benchmark.remapping.RemappingMicrobenchmark - Output directory: results
[main] INFO org.apache.iceberg.benchmark.remapping.RemappingMicrobenchmark - Warmup iterations: 1
[main] INFO org.apache.iceberg.benchmark.remapping.RemappingMicrobenchmark - Measurement iterations: 3
[main] INFO org.apache.iceberg.benchmark.remapping.RemappingBenchmarkRunner - Starting remapping benchmark with 1 warmup and 3 measurement iterations
[main] INFO org.apache.iceberg.benchmark.remapping.RemappingBenchmarkRunner - Running scenario: format=POSITION_DELETE_FILE, density=SPARSE, deletes=1000, runs=10, strategy=SMART
[main] INFO org.apache.iceberg.CatalogUtil - Loading custom FileIO implementation: org.apache.iceberg.azure.adlsv2.ADLSFileIO
[main] INFO com.azure.core.http.netty.implementation.NettyUtility - {"az.sdk.message":"The following Netty versions were found on the classpath and have a mismatch with the versions used by azure-core-http-netty. If your application runs without issue this message can be ignored, otherwise please align the Netty versions used in your application. For more information, see https://aka.ms/azsdk/java/dependency/troubleshoot.","azure-netty-version":"4.1.118.Final","azure-netty-native-version":"2.0.70.Final","classpath-netty-version-org.apache.iceberg.azure.shaded.io.netty:netty-common":"unknown (not found and is required)","classpath-netty-version-org.apache.iceberg.azure.shaded.io.netty:netty-handler":"unknown (not found and is required)","classpath-netty-version-org.apache.iceberg.azure.shaded.io.netty:netty-handler-proxy":"unknown (not found and is required)","classpath-netty-version-org.apache.iceberg.azure.shaded.io.netty:netty-buffer":"unknown (not found and is required)","classpath-netty-version-org.apache.iceberg.azure.shaded.io.netty:netty-codec":"unknown (not found and is required)","classpath-netty-version-org.apache.iceberg.azure.shaded.io.netty:netty-codec-http":"unknown (not found and is required)","classpath-netty-version-org.apache.iceberg.azure.shaded.io.netty:netty-codec-http2":"4.1.124.Final"}
[main] INFO com.azure.identity.ChainedTokenCredential - Azure Identity => Attempted credential EnvironmentCredential is unavailable.
[main] INFO com.azure.identity.ChainedTokenCredential - Azure Identity => Attempted credential WorkloadIdentityCredential is unavailable.
[azure-sdk-global-thread-0] INFO com.microsoft.aad.msal4j.IMDSManagedIdentitySource - [Managed Identity] Unable to find AZURE_POD_IDENTITY_AUTHORITY_HOST environment variable for IMDS, using the default endpoint.
[azure-sdk-global-thread-0] INFO com.microsoft.aad.msal4j.IMDSManagedIdentitySource - [Managed Identity] Creating IMDS managed identity source. Endpoint URI: http://169.254.169.254/metadata/identity/oauth2/token
[azure-sdk-global-thread-0] INFO com.microsoft.aad.msal4j.HttpHelper - [Correlation ID: null] Sent (null) Correlation Id is not same as received (null).
[azure-sdk-global-thread-0] INFO com.microsoft.aad.msal4j.AbstractManagedIdentitySource - [Managed Identity] Successful response received.
[azure-sdk-global-thread-0] INFO com.azure.identity.ManagedIdentityCredential - Azure Identity => Managed Identity environment: Managed Identity
[main] INFO com.azure.identity.ChainedTokenCredential - Azure Identity => Attempted credential ManagedIdentityCredential returns a token
[main] INFO com.azure.identity.ChainedTokenCredential - Azure Identity => Attempted credential EnvironmentCredential is unavailable.
[main] INFO com.azure.identity.ChainedTokenCredential - Azure Identity => Attempted credential WorkloadIdentityCredential is unavailable.
[azure-sdk-global-thread-0] INFO com.azure.identity.ManagedIdentityCredential - Azure Identity => Managed Identity environment: Managed Identity
[azure-sdk-global-thread-0] INFO com.azure.identity.ChainedTokenCredential - Azure Identity => Attempted credential ManagedIdentityCredential returns a token
[main] WARN org.apache.hadoop.util.NativeCodeLoader - Unable to load native-hadoop library for your platform... using builtin-java classes where applicable
[main] INFO org.apache.hadoop.io.compress.CodecPool - Got brand-new compressor [.gz]
[main] INFO com.azure.identity.ChainedTokenCredential - Azure Identity => Attempted credential EnvironmentCredential is unavailable.
[main] INFO com.azure.identity.ChainedTokenCredential - Azure Identity => Attempted credential WorkloadIdentityCredential is unavailable.
[main] INFO com.azure.identity.ManagedIdentityCredential - Azure Identity => Managed Identity environment: Managed Identity
[main] INFO com.azure.identity.ChainedTokenCredential - Azure Identity => Attempted credential ManagedIdentityCredential returns a token
[main] INFO com.azure.identity.ChainedTokenCredential - Azure Identity => Attempted credential EnvironmentCredential is unavailable.
[main] INFO com.azure.identity.ChainedTokenCredential - Azure Identity => Attempted credential WorkloadIdentityCredential is unavailable.
[azure-sdk-global-thread-0] INFO com.azure.identity.ManagedIdentityCredential - Azure Identity => Managed Identity environment: Managed Identity
[azure-sdk-global-thread-0] INFO com.azure.identity.ChainedTokenCredential - Azure Identity => Attempted credential ManagedIdentityCredential returns a token
[main] INFO org.apache.hadoop.io.compress.CodecPool - Got brand-new decompressor [.gz]
[main] INFO org.apache.hadoop.io.compress.CodecPool - Got brand-new compressor [.gz]
[main] INFO com.azure.identity.ChainedTokenCredential - Azure Identity => Attempted credential EnvironmentCredential is unavailable.
[main] INFO com.azure.identity.ChainedTokenCredential - Azure Identity => Attempted credential WorkloadIdentityCredential is unavailable.
[azure-sdk-global-thread-4] INFO com.azure.identity.ManagedIdentityCredential - Azure Identity => Managed Identity environment: Managed Identity
[azure-sdk-global-thread-4] INFO com.azure.identity.ChainedTokenCredential - Azure Identity => Attempted credential ManagedIdentityCredential returns a token
[main] INFO com.azure.identity.ChainedTokenCredential - Azure Identity => Attempted credential EnvironmentCredential is unavailable.
[main] INFO com.azure.identity.ChainedTokenCredential - Azure Identity => Attempted credential WorkloadIdentityCredential is unavailable.
[azure-sdk-global-thread-2] INFO com.azure.identity.ManagedIdentityCredential - Azure Identity => Managed Identity environment: Managed Identity
[azure-sdk-global-thread-2] INFO com.azure.identity.ChainedTokenCredential - Azure Identity => Attempted credential ManagedIdentityCredential returns a token
[main] INFO org.apache.hadoop.io.compress.CodecPool - Got brand-new decompressor [.gz]
[main] INFO org.apache.hadoop.io.compress.CodecPool - Got brand-new compressor [.gz]
[main] INFO com.azure.identity.ChainedTokenCredential - Azure Identity => Attempted credential EnvironmentCredential is unavailable.
[main] INFO com.azure.identity.ChainedTokenCredential - Azure Identity => Attempted credential WorkloadIdentityCredential is unavailable.
[azure-sdk-global-thread-3] INFO com.azure.identity.ManagedIdentityCredential - Azure Identity => Managed Identity environment: Managed Identity
[azure-sdk-global-thread-3] INFO com.azure.identity.ChainedTokenCredential - Azure Identity => Attempted credential ManagedIdentityCredential returns a token
[main] INFO com.azure.identity.ChainedTokenCredential - Azure Identity => Attempted credential EnvironmentCredential is unavailable.
[main] INFO com.azure.identity.ChainedTokenCredential - Azure Identity => Attempted credential WorkloadIdentityCredential is unavailable.
[azure-sdk-global-thread-0] INFO com.azure.identity.ManagedIdentityCredential - Azure Identity => Managed Identity environment: Managed Identity
[azure-sdk-global-thread-0] INFO com.azure.identity.ChainedTokenCredential - Azure Identity => Attempted credential ManagedIdentityCredential returns a token
[main] INFO org.apache.hadoop.io.compress.CodecPool - Got brand-new decompressor [.gz]
[main] INFO org.apache.hadoop.io.compress.CodecPool - Got brand-new compressor [.gz]
[main] INFO com.azure.identity.ChainedTokenCredential - Azure Identity => Attempted credential EnvironmentCredential is unavailable.
[main] INFO com.azure.identity.ChainedTokenCredential - Azure Identity => Attempted credential WorkloadIdentityCredential is unavailable.
[azure-sdk-global-thread-1] INFO com.azure.identity.ManagedIdentityCredential - Azure Identity => Managed Identity environment: Managed Identity
[azure-sdk-global-thread-1] INFO com.azure.identity.ChainedTokenCredential - Azure Identity => Attempted credential ManagedIdentityCredential returns a token
[main] INFO com.azure.identity.ChainedTokenCredential - Azure Identity => Attempted credential EnvironmentCredential is unavailable.
[main] INFO com.azure.identity.ChainedTokenCredential - Azure Identity => Attempted credential WorkloadIdentityCredential is unavailable.
[azure-sdk-global-thread-4] INFO com.azure.identity.ManagedIdentityCredential - Azure Identity => Managed Identity environment: Managed Identity
[azure-sdk-global-thread-4] INFO com.azure.identity.ChainedTokenCredential - Azure Identity => Attempted credential ManagedIdentityCredential returns a token
[main] INFO org.apache.hadoop.io.compress.CodecPool - Got brand-new decompressor [.gz]
[main] INFO org.apache.hadoop.io.compress.CodecPool - Got brand-new compressor [.gz]
[main] INFO com.azure.identity.ChainedTokenCredential - Azure Identity => Attempted credential EnvironmentCredential is unavailable.
[main] INFO com.azure.identity.ChainedTokenCredential - Azure Identity => Attempted credential WorkloadIdentityCredential is unavailable.
[azure-sdk-global-thread-5] INFO com.azure.identity.ManagedIdentityCredential - Azure Identity => Managed Identity environment: Managed Identity
[azure-sdk-global-thread-5] INFO com.azure.identity.ChainedTokenCredential - Azure Identity => Attempted credential ManagedIdentityCredential returns a token
[main] INFO org.apache.iceberg.benchmark.remapping.RemappingBenchmarkRunner - Running scenario: format=POSITION_DELETE_FILE, density=SPARSE, deletes=1000, runs=100, strategy=SMART
[main] INFO com.azure.identity.ChainedTokenCredential - Azure Identity => Attempted credential EnvironmentCredential is unavailable.
[main] INFO com.azure.identity.ChainedTokenCredential - Azure Identity => Attempted credential WorkloadIdentityCredential is unavailable.
[azure-sdk-global-thread-11] INFO com.azure.identity.ManagedIdentityCredential - Azure Identity => Managed Identity environment: Managed Identity
[main] INFO com.azure.identity.ChainedTokenCredential - Azure Identity => Attempted credential ManagedIdentityCredential returns a token
[main] INFO com.azure.identity.ChainedTokenCredential - Azure Identity => Attempted credential EnvironmentCredential is unavailable.
[main] INFO com.azure.identity.ChainedTokenCredential - Azure Identity => Attempted credential WorkloadIdentityCredential is unavailable.
[azure-sdk-global-thread-6] INFO com.azure.identity.ManagedIdentityCredential - Azure Identity => Managed Identity environment: Managed Identity
[azure-sdk-global-thread-6] INFO com.azure.identity.ChainedTokenCredential - Azure Identity => Attempted credential ManagedIdentityCredential returns a token
[main] INFO org.apache.hadoop.io.compress.CodecPool - Got brand-new compressor [.gz]
[main] INFO com.azure.identity.ChainedTokenCredential - Azure Identity => Attempted credential EnvironmentCredential is unavailable.
[main] INFO com.azure.identity.ChainedTokenCredential - Azure Identity => Attempted credential WorkloadIdentityCredential is unavailable.
[azure-sdk-global-thread-3] INFO com.azure.identity.ManagedIdentityCredential - Azure Identity => Managed Identity environment: Managed Identity
[azure-sdk-global-thread-3] INFO com.azure.identity.ChainedTokenCredential - Azure Identity => Attempted credential ManagedIdentityCredential returns a token
[main] INFO com.azure.identity.ChainedTokenCredential - Azure Identity => Attempted credential EnvironmentCredential is unavailable.
[main] INFO com.azure.identity.ChainedTokenCredential - Azure Identity => Attempted credential WorkloadIdentityCredential is unavailable.
[azure-sdk-global-thread-7] INFO com.azure.identity.ManagedIdentityCredential - Azure Identity => Managed Identity environment: Managed Identity
[azure-sdk-global-thread-7] INFO com.azure.identity.ChainedTokenCredential - Azure Identity => Attempted credential ManagedIdentityCredential returns a token
[main] INFO org.apache.hadoop.io.compress.CodecPool - Got brand-new decompressor [.gz]
[main] INFO org.apache.hadoop.io.compress.CodecPool - Got brand-new compressor [.gz]
[main] INFO com.azure.identity.ChainedTokenCredential - Azure Identity => Attempted credential EnvironmentCredential is unavailable.
[main] INFO com.azure.identity.ChainedTokenCredential - Azure Identity => Attempted credential WorkloadIdentityCredential is unavailable.
[azure-sdk-global-thread-0] INFO com.azure.identity.ManagedIdentityCredential - Azure Identity => Managed Identity environment: Managed Identity
[azure-sdk-global-thread-0] INFO com.azure.identity.ChainedTokenCredential - Azure Identity => Attempted credential ManagedIdentityCredential returns a token
[main] INFO com.azure.identity.ChainedTokenCredential - Azure Identity => Attempted credential EnvironmentCredential is unavailable.
[main] INFO com.azure.identity.ChainedTokenCredential - Azure Identity => Attempted credential WorkloadIdentityCredential is unavailable.
[azure-sdk-global-thread-8] INFO com.azure.identity.ManagedIdentityCredential - Azure Identity => Managed Identity environment: Managed Identity
[azure-sdk-global-thread-8] INFO com.azure.identity.ChainedTokenCredential - Azure Identity => Attempted credential ManagedIdentityCredential returns a token
[main] INFO org.apache.hadoop.io.compress.CodecPool - Got brand-new decompressor [.gz]
[main] INFO org.apache.hadoop.io.compress.CodecPool - Got brand-new compressor [.gz]
[main] INFO com.azure.identity.ChainedTokenCredential - Azure Identity => Attempted credential EnvironmentCredential is unavailable.
[main] INFO com.azure.identity.ChainedTokenCredential - Azure Identity => Attempted credential WorkloadIdentityCredential is unavailable.
[main] INFO com.azure.identity.ManagedIdentityCredential - Azure Identity => Managed Identity environment: Managed Identity
[main] INFO com.azure.identity.ChainedTokenCredential - Azure Identity => Attempted credential ManagedIdentityCredential returns a token
[main] INFO com.azure.identity.ChainedTokenCredential - Azure Identity => Attempted credential EnvironmentCredential is unavailable.
[main] INFO com.azure.identity.ChainedTokenCredential - Azure Identity => Attempted credential WorkloadIdentityCredential is unavailable.
[azure-sdk-global-thread-9] INFO com.azure.identity.ManagedIdentityCredential - Azure Identity => Managed Identity environment: Managed Identity
[azure-sdk-global-thread-9] INFO com.azure.identity.ChainedTokenCredential - Azure Identity => Attempted credential ManagedIdentityCredential returns a token
[main] INFO org.apache.hadoop.io.compress.CodecPool - Got brand-new decompressor [.gz]
[main] INFO org.apache.hadoop.io.compress.CodecPool - Got brand-new compressor [.gz]
[main] INFO com.azure.identity.ChainedTokenCredential - Azure Identity => Attempted credential EnvironmentCredential is unavailable.
[main] INFO com.azure.identity.ChainedTokenCredential - Azure Identity => Attempted credential WorkloadIdentityCredential is unavailable.
[azure-sdk-global-thread-4] INFO com.azure.identity.ManagedIdentityCredential - Azure Identity => Managed Identity environment: Managed Identity
[azure-sdk-global-thread-4] INFO com.azure.identity.ChainedTokenCredential - Azure Identity => Attempted credential ManagedIdentityCredential returns a token
[main] INFO com.azure.identity.ChainedTokenCredential - Azure Identity => Attempted credential EnvironmentCredential is unavailable.
[main] INFO com.azure.identity.ChainedTokenCredential - Azure Identity => Attempted credential WorkloadIdentityCredential is unavailable.
[azure-sdk-global-thread-10] INFO com.azure.identity.ManagedIdentityCredential - Azure Identity => Managed Identity environment: Managed Identity
[azure-sdk-global-thread-10] INFO com.azure.identity.ChainedTokenCredential - Azure Identity => Attempted credential ManagedIdentityCredential returns a token
[main] INFO org.apache.hadoop.io.compress.CodecPool - Got brand-new decompressor [.gz]
[main] INFO org.apache.hadoop.io.compress.CodecPool - Got brand-new compressor [.gz]
[main] INFO com.azure.identity.ChainedTokenCredential - Azure Identity => Attempted credential EnvironmentCredential is unavailable.
[main] INFO com.azure.identity.ChainedTokenCredential - Azure Identity => Attempted credential WorkloadIdentityCredential is unavailable.
[main] INFO com.azure.identity.ManagedIdentityCredential - Azure Identity => Managed Identity environment: Managed Identity
[main] INFO com.azure.identity.ChainedTokenCredential - Azure Identity => Attempted credential ManagedIdentityCredential returns a token
[main] INFO org.apache.iceberg.benchmark.remapping.RemappingBenchmarkRunner - Running scenario: format=POSITION_DELETE_FILE, density=SPARSE, deletes=10000, runs=10, strategy=SMART
[main] INFO com.azure.identity.ChainedTokenCredential - Azure Identity => Attempted credential EnvironmentCredential is unavailable.
[main] INFO com.azure.identity.ChainedTokenCredential - Azure Identity => Attempted credential WorkloadIdentityCredential is unavailable.
[azure-sdk-global-thread-2] INFO com.azure.identity.ManagedIdentityCredential - Azure Identity => Managed Identity environment: Managed Identity
[main] INFO com.azure.identity.ChainedTokenCredential - Azure Identity => Attempted credential ManagedIdentityCredential returns a token
[main] INFO com.azure.identity.ChainedTokenCredential - Azure Identity => Attempted credential EnvironmentCredential is unavailable.
[main] INFO com.azure.identity.ChainedTokenCredential - Azure Identity => Attempted credential WorkloadIdentityCredential is unavailable.
[azure-sdk-global-thread-11] INFO com.azure.identity.ManagedIdentityCredential - Azure Identity => Managed Identity environment: Managed Identity
[azure-sdk-global-thread-11] INFO com.azure.identity.ChainedTokenCredential - Azure Identity => Attempted credential ManagedIdentityCredential returns a token
[main] INFO org.apache.hadoop.io.compress.CodecPool - Got brand-new compressor [.gz]
[main] INFO com.azure.identity.ChainedTokenCredential - Azure Identity => Attempted credential EnvironmentCredential is unavailable.
[main] INFO com.azure.identity.ChainedTokenCredential - Azure Identity => Attempted credential WorkloadIdentityCredential is unavailable.
[azure-sdk-global-thread-12] INFO com.azure.identity.ManagedIdentityCredential - Azure Identity => Managed Identity environment: Managed Identity
[azure-sdk-global-thread-12] INFO com.azure.identity.ChainedTokenCredential - Azure Identity => Attempted credential ManagedIdentityCredential returns a token
[main] INFO com.azure.identity.ChainedTokenCredential - Azure Identity => Attempted credential EnvironmentCredential is unavailable.
[main] INFO com.azure.identity.ChainedTokenCredential - Azure Identity => Attempted credential WorkloadIdentityCredential is unavailable.
[main] INFO com.azure.identity.ManagedIdentityCredential - Azure Identity => Managed Identity environment: Managed Identity
[main] INFO com.azure.identity.ChainedTokenCredential - Azure Identity => Attempted credential ManagedIdentityCredential returns a token
[main] INFO org.apache.hadoop.io.compress.CodecPool - Got brand-new decompressor [.gz]
[main] INFO org.apache.hadoop.io.compress.CodecPool - Got brand-new compressor [.gz]
[main] INFO com.azure.identity.ChainedTokenCredential - Azure Identity => Attempted credential EnvironmentCredential is unavailable.
[main] INFO com.azure.identity.ChainedTokenCredential - Azure Identity => Attempted credential WorkloadIdentityCredential is unavailable.
[main] INFO com.azure.identity.ManagedIdentityCredential - Azure Identity => Managed Identity environment: Managed Identity
[main] INFO com.azure.identity.ChainedTokenCredential - Azure Identity => Attempted credential ManagedIdentityCredential returns a token
[main] INFO com.azure.identity.ChainedTokenCredential - Azure Identity => Attempted credential EnvironmentCredential is unavailable.
[main] INFO com.azure.identity.ChainedTokenCredential - Azure Identity => Attempted credential WorkloadIdentityCredential is unavailable.
[main] INFO com.azure.identity.ManagedIdentityCredential - Azure Identity => Managed Identity environment: Managed Identity
[main] INFO com.azure.identity.ChainedTokenCredential - Azure Identity => Attempted credential ManagedIdentityCredential returns a token
[main] INFO org.apache.hadoop.io.compress.CodecPool - Got brand-new decompressor [.gz]
[main] INFO org.apache.hadoop.io.compress.CodecPool - Got brand-new compressor [.gz]
[main] INFO com.azure.identity.ChainedTokenCredential - Azure Identity => Attempted credential EnvironmentCredential is unavailable.
[main] INFO com.azure.identity.ChainedTokenCredential - Azure Identity => Attempted credential WorkloadIdentityCredential is unavailable.
[azure-sdk-global-thread-14] INFO com.azure.identity.ManagedIdentityCredential - Azure Identity => Managed Identity environment: Managed Identity
[azure-sdk-global-thread-14] INFO com.azure.identity.ChainedTokenCredential - Azure Identity => Attempted credential ManagedIdentityCredential returns a token
[main] INFO com.azure.identity.ChainedTokenCredential - Azure Identity => Attempted credential EnvironmentCredential is unavailable.
[main] INFO com.azure.identity.ChainedTokenCredential - Azure Identity => Attempted credential WorkloadIdentityCredential is unavailable.
[azure-sdk-global-thread-7] INFO com.azure.identity.ManagedIdentityCredential - Azure Identity => Managed Identity environment: Managed Identity
[azure-sdk-global-thread-7] INFO com.azure.identity.ChainedTokenCredential - Azure Identity => Attempted credential ManagedIdentityCredential returns a token
[main] INFO org.apache.hadoop.io.compress.CodecPool - Got brand-new decompressor [.gz]
[main] INFO org.apache.hadoop.io.compress.CodecPool - Got brand-new compressor [.gz]
[main] INFO com.azure.identity.ChainedTokenCredential - Azure Identity => Attempted credential EnvironmentCredential is unavailable.
[main] INFO com.azure.identity.ChainedTokenCredential - Azure Identity => Attempted credential WorkloadIdentityCredential is unavailable.
[azure-sdk-global-thread-15] INFO com.azure.identity.ManagedIdentityCredential - Azure Identity => Managed Identity environment: Managed Identity
[azure-sdk-global-thread-15] INFO com.azure.identity.ChainedTokenCredential - Azure Identity => Attempted credential ManagedIdentityCredential returns a token
[main] INFO com.azure.identity.ChainedTokenCredential - Azure Identity => Attempted credential EnvironmentCredential is unavailable.
[main] INFO com.azure.identity.ChainedTokenCredential - Azure Identity => Attempted credential WorkloadIdentityCredential is unavailable.
[main] INFO com.azure.identity.ManagedIdentityCredential - Azure Identity => Managed Identity environment: Managed Identity
[main] INFO com.azure.identity.ChainedTokenCredential - Azure Identity => Attempted credential ManagedIdentityCredential returns a token
[main] INFO org.apache.hadoop.io.compress.CodecPool - Got brand-new decompressor [.gz]
[main] INFO org.apache.hadoop.io.compress.CodecPool - Got brand-new compressor [.gz]
[main] INFO com.azure.identity.ChainedTokenCredential - Azure Identity => Attempted credential EnvironmentCredential is unavailable.
[main] INFO com.azure.identity.ChainedTokenCredential - Azure Identity => Attempted credential WorkloadIdentityCredential is unavailable.
[azure-sdk-global-thread-32] INFO com.azure.identity.ManagedIdentityCredential - Azure Identity => Managed Identity environment: Managed Identity
[azure-sdk-global-thread-32] INFO com.azure.identity.ChainedTokenCredential - Azure Identity => Attempted credential ManagedIdentityCredential returns a token
[main] INFO org.apache.iceberg.benchmark.remapping.RemappingBenchmarkRunner - Running scenario: format=POSITION_DELETE_FILE, density=SPARSE, deletes=10000, runs=100, strategy=SMART
[main] INFO com.azure.identity.ChainedTokenCredential - Azure Identity => Attempted credential EnvironmentCredential is unavailable.
[main] INFO com.azure.identity.ChainedTokenCredential - Azure Identity => Attempted credential WorkloadIdentityCredential is unavailable.
[azure-sdk-global-thread-8] INFO com.azure.identity.ManagedIdentityCredential - Azure Identity => Managed Identity environment: Managed Identity
[main] INFO com.azure.identity.ChainedTokenCredential - Azure Identity => Attempted credential ManagedIdentityCredential returns a token
[main] INFO com.azure.identity.ChainedTokenCredential - Azure Identity => Attempted credential EnvironmentCredential is unavailable.
[main] INFO com.azure.identity.ChainedTokenCredential - Azure Identity => Attempted credential WorkloadIdentityCredential is unavailable.
[azure-sdk-global-thread-34] INFO com.azure.identity.ManagedIdentityCredential - Azure Identity => Managed Identity environment: Managed Identity
[azure-sdk-global-thread-34] INFO com.azure.identity.ChainedTokenCredential - Azure Identity => Attempted credential ManagedIdentityCredential returns a token
[main] INFO org.apache.hadoop.io.compress.CodecPool - Got brand-new compressor [.gz]
[main] INFO com.azure.identity.ChainedTokenCredential - Azure Identity => Attempted credential EnvironmentCredential is unavailable.
[main] INFO com.azure.identity.ChainedTokenCredential - Azure Identity => Attempted credential WorkloadIdentityCredential is unavailable.
[azure-sdk-global-thread-35] INFO com.azure.identity.ManagedIdentityCredential - Azure Identity => Managed Identity environment: Managed Identity
[azure-sdk-global-thread-35] INFO com.azure.identity.ChainedTokenCredential - Azure Identity => Attempted credential ManagedIdentityCredential returns a token
[main] INFO com.azure.identity.ChainedTokenCredential - Azure Identity => Attempted credential EnvironmentCredential is unavailable.
[main] INFO com.azure.identity.ChainedTokenCredential - Azure Identity => Attempted credential WorkloadIdentityCredential is unavailable.
[azure-sdk-global-thread-18] INFO com.azure.identity.ManagedIdentityCredential - Azure Identity => Managed Identity environment: Managed Identity
[azure-sdk-global-thread-18] INFO com.azure.identity.ChainedTokenCredential - Azure Identity => Attempted credential ManagedIdentityCredential returns a token
[main] INFO org.apache.hadoop.io.compress.CodecPool - Got brand-new decompressor [.gz]
[main] INFO org.apache.hadoop.io.compress.CodecPool - Got brand-new compressor [.gz]
[main] INFO com.azure.identity.ChainedTokenCredential - Azure Identity => Attempted credential EnvironmentCredential is unavailable.
[main] INFO com.azure.identity.ChainedTokenCredential - Azure Identity => Attempted credential WorkloadIdentityCredential is unavailable.
[azure-sdk-global-thread-9] INFO com.azure.identity.ManagedIdentityCredential - Azure Identity => Managed Identity environment: Managed Identity
[azure-sdk-global-thread-9] INFO com.azure.identity.ChainedTokenCredential - Azure Identity => Attempted credential ManagedIdentityCredential returns a token
[main] INFO com.azure.identity.ChainedTokenCredential - Azure Identity => Attempted credential EnvironmentCredential is unavailable.
[main] INFO com.azure.identity.ChainedTokenCredential - Azure Identity => Attempted credential WorkloadIdentityCredential is unavailable.
[azure-sdk-global-thread-19] INFO com.azure.identity.ManagedIdentityCredential - Azure Identity => Managed Identity environment: Managed Identity
[azure-sdk-global-thread-19] INFO com.azure.identity.ChainedTokenCredential - Azure Identity => Attempted credential ManagedIdentityCredential returns a token
[main] INFO org.apache.hadoop.io.compress.CodecPool - Got brand-new decompressor [.gz]
[main] INFO org.apache.hadoop.io.compress.CodecPool - Got brand-new compressor [.gz]
[main] INFO com.azure.identity.ChainedTokenCredential - Azure Identity => Attempted credential EnvironmentCredential is unavailable.
[main] INFO com.azure.identity.ChainedTokenCredential - Azure Identity => Attempted credential WorkloadIdentityCredential is unavailable.
[azure-sdk-global-thread-4] INFO com.azure.identity.ManagedIdentityCredential - Azure Identity => Managed Identity environment: Managed Identity
[azure-sdk-global-thread-4] INFO com.azure.identity.ChainedTokenCredential - Azure Identity => Attempted credential ManagedIdentityCredential returns a token
[main] INFO com.azure.identity.ChainedTokenCredential - Azure Identity => Attempted credential EnvironmentCredential is unavailable.
[main] INFO com.azure.identity.ChainedTokenCredential - Azure Identity => Attempted credential WorkloadIdentityCredential is unavailable.
[azure-sdk-global-thread-20] INFO com.azure.identity.ManagedIdentityCredential - Azure Identity => Managed Identity environment: Managed Identity
[azure-sdk-global-thread-20] INFO com.azure.identity.ChainedTokenCredential - Azure Identity => Attempted credential ManagedIdentityCredential returns a token
[main] INFO org.apache.hadoop.io.compress.CodecPool - Got brand-new decompressor [.gz]
[main] INFO org.apache.hadoop.io.compress.CodecPool - Got brand-new compressor [.gz]
[main] INFO com.azure.identity.ChainedTokenCredential - Azure Identity => Attempted credential EnvironmentCredential is unavailable.
[main] INFO com.azure.identity.ChainedTokenCredential - Azure Identity => Attempted credential WorkloadIdentityCredential is unavailable.
[azure-sdk-global-thread-10] INFO com.azure.identity.ManagedIdentityCredential - Azure Identity => Managed Identity environment: Managed Identity
[azure-sdk-global-thread-10] INFO com.azure.identity.ChainedTokenCredential - Azure Identity => Attempted credential ManagedIdentityCredential returns a token
[main] INFO com.azure.identity.ChainedTokenCredential - Azure Identity => Attempted credential EnvironmentCredential is unavailable.
[main] INFO com.azure.identity.ChainedTokenCredential - Azure Identity => Attempted credential WorkloadIdentityCredential is unavailable.
[azure-sdk-global-thread-5] INFO com.azure.identity.ManagedIdentityCredential - Azure Identity => Managed Identity environment: Managed Identity
[azure-sdk-global-thread-5] INFO com.azure.identity.ChainedTokenCredential - Azure Identity => Attempted credential ManagedIdentityCredential returns a token
[main] INFO org.apache.hadoop.io.compress.CodecPool - Got brand-new decompressor [.gz]
[main] INFO org.apache.hadoop.io.compress.CodecPool - Got brand-new compressor [.gz]
[main] INFO com.azure.identity.ChainedTokenCredential - Azure Identity => Attempted credential EnvironmentCredential is unavailable.
[main] INFO com.azure.identity.ChainedTokenCredential - Azure Identity => Attempted credential WorkloadIdentityCredential is unavailable.
[azure-sdk-global-thread-21] INFO com.azure.identity.ManagedIdentityCredential - Azure Identity => Managed Identity environment: Managed Identity
[azure-sdk-global-thread-21] INFO com.azure.identity.ChainedTokenCredential - Azure Identity => Attempted credential ManagedIdentityCredential returns a token
[main] INFO org.apache.iceberg.benchmark.remapping.RemappingBenchmarkRunner - Running scenario: format=DELETION_VECTOR, density=SPARSE, deletes=1000, runs=10, strategy=SMART
[main] INFO com.azure.identity.ChainedTokenCredential - Azure Identity => Attempted credential EnvironmentCredential is unavailable.
[main] INFO com.azure.identity.ChainedTokenCredential - Azure Identity => Attempted credential WorkloadIdentityCredential is unavailable.
[azure-sdk-global-thread-22] INFO com.azure.identity.ManagedIdentityCredential - Azure Identity => Managed Identity environment: Managed Identity
[main] INFO com.azure.identity.ChainedTokenCredential - Azure Identity => Attempted credential ManagedIdentityCredential returns a token
[main] INFO com.azure.identity.ChainedTokenCredential - Azure Identity => Attempted credential EnvironmentCredential is unavailable.
[main] INFO com.azure.identity.ChainedTokenCredential - Azure Identity => Attempted credential WorkloadIdentityCredential is unavailable.
[azure-sdk-global-thread-2] INFO com.azure.identity.ManagedIdentityCredential - Azure Identity => Managed Identity environment: Managed Identity
[azure-sdk-global-thread-2] INFO com.azure.identity.ChainedTokenCredential - Azure Identity => Attempted credential ManagedIdentityCredential returns a token
[main] INFO com.azure.identity.ChainedTokenCredential - Azure Identity => Attempted credential EnvironmentCredential is unavailable.
[main] INFO com.azure.identity.ChainedTokenCredential - Azure Identity => Attempted credential WorkloadIdentityCredential is unavailable.
[azure-sdk-global-thread-23] INFO com.azure.identity.ManagedIdentityCredential - Azure Identity => Managed Identity environment: Managed Identity
[main] INFO com.azure.identity.ChainedTokenCredential - Azure Identity => Attempted credential ManagedIdentityCredential returns a token
[main] ERROR com.azure.storage.file.datalake.DataLakePathClient - Status code 404, BlobNotFound
[main] INFO com.azure.identity.ChainedTokenCredential - Azure Identity => Attempted credential EnvironmentCredential is unavailable.
[main] INFO com.azure.identity.ChainedTokenCredential - Azure Identity => Attempted credential WorkloadIdentityCredential is unavailable.
[azure-sdk-global-thread-11] INFO com.azure.identity.ManagedIdentityCredential - Azure Identity => Managed Identity environment: Managed Identity
[main] INFO com.azure.identity.ChainedTokenCredential - Azure Identity => Attempted credential ManagedIdentityCredential returns a token
[main] INFO com.azure.identity.ChainedTokenCredential - Azure Identity => Attempted credential EnvironmentCredential is unavailable.
[main] INFO com.azure.identity.ChainedTokenCredential - Azure Identity => Attempted credential WorkloadIdentityCredential is unavailable.
[azure-sdk-global-thread-24] INFO com.azure.identity.ManagedIdentityCredential - Azure Identity => Managed Identity environment: Managed Identity
[main] INFO com.azure.identity.ChainedTokenCredential - Azure Identity => Attempted credential ManagedIdentityCredential returns a token
[main] INFO com.azure.identity.ChainedTokenCredential - Azure Identity => Attempted credential EnvironmentCredential is unavailable.
[main] INFO com.azure.identity.ChainedTokenCredential - Azure Identity => Attempted credential WorkloadIdentityCredential is unavailable.
[azure-sdk-global-thread-12] INFO com.azure.identity.ManagedIdentityCredential - Azure Identity => Managed Identity environment: Managed Identity
[main] INFO com.azure.identity.ChainedTokenCredential - Azure Identity => Attempted credential ManagedIdentityCredential returns a token
[main] INFO com.azure.identity.ChainedTokenCredential - Azure Identity => Attempted credential EnvironmentCredential is unavailable.
[main] INFO com.azure.identity.ChainedTokenCredential - Azure Identity => Attempted credential WorkloadIdentityCredential is unavailable.
[azure-sdk-global-thread-6] INFO com.azure.identity.ManagedIdentityCredential - Azure Identity => Managed Identity environment: Managed Identity
[main] INFO com.azure.identity.ChainedTokenCredential - Azure Identity => Attempted credential ManagedIdentityCredential returns a token
[main] INFO com.azure.identity.ChainedTokenCredential - Azure Identity => Attempted credential EnvironmentCredential is unavailable.
[main] INFO com.azure.identity.ChainedTokenCredential - Azure Identity => Attempted credential WorkloadIdentityCredential is unavailable.
[azure-sdk-global-thread-25] INFO com.azure.identity.ManagedIdentityCredential - Azure Identity => Managed Identity environment: Managed Identity
[main] INFO com.azure.identity.ChainedTokenCredential - Azure Identity => Attempted credential ManagedIdentityCredential returns a token
[main] INFO com.azure.identity.ChainedTokenCredential - Azure Identity => Attempted credential EnvironmentCredential is unavailable.
[main] INFO com.azure.identity.ChainedTokenCredential - Azure Identity => Attempted credential WorkloadIdentityCredential is unavailable.
[azure-sdk-global-thread-13] INFO com.azure.identity.ManagedIdentityCredential - Azure Identity => Managed Identity environment: Managed Identity
[main] INFO com.azure.identity.ChainedTokenCredential - Azure Identity => Attempted credential ManagedIdentityCredential returns a token
[main] INFO com.azure.identity.ChainedTokenCredential - Azure Identity => Attempted credential EnvironmentCredential is unavailable.
[main] INFO com.azure.identity.ChainedTokenCredential - Azure Identity => Attempted credential WorkloadIdentityCredential is unavailable.
[azure-sdk-global-thread-26] INFO com.azure.identity.ManagedIdentityCredential - Azure Identity => Managed Identity environment: Managed Identity
[main] INFO com.azure.identity.ChainedTokenCredential - Azure Identity => Attempted credential ManagedIdentityCredential returns a token
[main] INFO com.azure.identity.ChainedTokenCredential - Azure Identity => Attempted credential EnvironmentCredential is unavailable.
[main] INFO com.azure.identity.ChainedTokenCredential - Azure Identity => Attempted credential WorkloadIdentityCredential is unavailable.
[azure-sdk-global-thread-3] INFO com.azure.identity.ManagedIdentityCredential - Azure Identity => Managed Identity environment: Managed Identity
[main] INFO com.azure.identity.ChainedTokenCredential - Azure Identity => Attempted credential ManagedIdentityCredential returns a token
[main] INFO org.apache.iceberg.benchmark.remapping.RemappingBenchmarkRunner - Running scenario: format=DELETION_VECTOR, density=SPARSE, deletes=1000, runs=100, strategy=SMART
[main] INFO com.azure.identity.ChainedTokenCredential - Azure Identity => Attempted credential EnvironmentCredential is unavailable.
[main] INFO com.azure.identity.ChainedTokenCredential - Azure Identity => Attempted credential WorkloadIdentityCredential is unavailable.
[azure-sdk-global-thread-27] INFO com.azure.identity.ManagedIdentityCredential - Azure Identity => Managed Identity environment: Managed Identity
[main] INFO com.azure.identity.ChainedTokenCredential - Azure Identity => Attempted credential ManagedIdentityCredential returns a token
[main] INFO com.azure.identity.ChainedTokenCredential - Azure Identity => Attempted credential EnvironmentCredential is unavailable.
[main] INFO com.azure.identity.ChainedTokenCredential - Azure Identity => Attempted credential WorkloadIdentityCredential is unavailable.
[azure-sdk-global-thread-28] INFO com.azure.identity.ManagedIdentityCredential - Azure Identity => Managed Identity environment: Managed Identity
[azure-sdk-global-thread-28] INFO com.azure.identity.ChainedTokenCredential - Azure Identity => Attempted credential ManagedIdentityCredential returns a token
[main] INFO com.azure.identity.ChainedTokenCredential - Azure Identity => Attempted credential EnvironmentCredential is unavailable.
[main] INFO com.azure.identity.ChainedTokenCredential - Azure Identity => Attempted credential WorkloadIdentityCredential is unavailable.
[azure-sdk-global-thread-14] INFO com.azure.identity.ManagedIdentityCredential - Azure Identity => Managed Identity environment: Managed Identity
[main] INFO com.azure.identity.ChainedTokenCredential - Azure Identity => Attempted credential ManagedIdentityCredential returns a token
[main] ERROR com.azure.storage.file.datalake.DataLakePathClient - Status code 404, BlobNotFound
[main] INFO com.azure.identity.ChainedTokenCredential - Azure Identity => Attempted credential EnvironmentCredential is unavailable.
[main] INFO com.azure.identity.ChainedTokenCredential - Azure Identity => Attempted credential WorkloadIdentityCredential is unavailable.
[azure-sdk-global-thread-29] INFO com.azure.identity.ManagedIdentityCredential - Azure Identity => Managed Identity environment: Managed Identity
[main] INFO com.azure.identity.ChainedTokenCredential - Azure Identity => Attempted credential ManagedIdentityCredential returns a token
[main] INFO com.azure.identity.ChainedTokenCredential - Azure Identity => Attempted credential EnvironmentCredential is unavailable.
[main] INFO com.azure.identity.ChainedTokenCredential - Azure Identity => Attempted credential WorkloadIdentityCredential is unavailable.
[azure-sdk-global-thread-7] INFO com.azure.identity.ManagedIdentityCredential - Azure Identity => Managed Identity environment: Managed Identity
[main] INFO com.azure.identity.ChainedTokenCredential - Azure Identity => Attempted credential ManagedIdentityCredential returns a token
[main] INFO com.azure.identity.ChainedTokenCredential - Azure Identity => Attempted credential EnvironmentCredential is unavailable.
[main] INFO com.azure.identity.ChainedTokenCredential - Azure Identity => Attempted credential WorkloadIdentityCredential is unavailable.
[azure-sdk-global-thread-30] INFO com.azure.identity.ManagedIdentityCredential - Azure Identity => Managed Identity environment: Managed Identity
[main] INFO com.azure.identity.ChainedTokenCredential - Azure Identity => Attempted credential ManagedIdentityCredential returns a token
[main] INFO com.azure.identity.ChainedTokenCredential - Azure Identity => Attempted credential EnvironmentCredential is unavailable.
[main] INFO com.azure.identity.ChainedTokenCredential - Azure Identity => Attempted credential WorkloadIdentityCredential is unavailable.
[azure-sdk-global-thread-15] INFO com.azure.identity.ManagedIdentityCredential - Azure Identity => Managed Identity environment: Managed Identity
[main] INFO com.azure.identity.ChainedTokenCredential - Azure Identity => Attempted credential ManagedIdentityCredential returns a token
[main] INFO com.azure.identity.ChainedTokenCredential - Azure Identity => Attempted credential EnvironmentCredential is unavailable.
[main] INFO com.azure.identity.ChainedTokenCredential - Azure Identity => Attempted credential WorkloadIdentityCredential is unavailable.
[azure-sdk-global-thread-31] INFO com.azure.identity.ManagedIdentityCredential - Azure Identity => Managed Identity environment: Managed Identity
[main] INFO com.azure.identity.ChainedTokenCredential - Azure Identity => Attempted credential ManagedIdentityCredential returns a token
[main] INFO com.azure.identity.ChainedTokenCredential - Azure Identity => Attempted credential EnvironmentCredential is unavailable.
[main] INFO com.azure.identity.ChainedTokenCredential - Azure Identity => Attempted credential WorkloadIdentityCredential is unavailable.
[azure-sdk-global-thread-0] INFO com.azure.identity.ManagedIdentityCredential - Azure Identity => Managed Identity environment: Managed Identity
[main] INFO com.azure.identity.ChainedTokenCredential - Azure Identity => Attempted credential ManagedIdentityCredential returns a token
[main] INFO com.azure.identity.ChainedTokenCredential - Azure Identity => Attempted credential EnvironmentCredential is unavailable.
[main] INFO com.azure.identity.ChainedTokenCredential - Azure Identity => Attempted credential WorkloadIdentityCredential is unavailable.
[azure-sdk-global-thread-16] INFO com.azure.identity.ManagedIdentityCredential - Azure Identity => Managed Identity environment: Managed Identity
[main] INFO com.azure.identity.ChainedTokenCredential - Azure Identity => Attempted credential ManagedIdentityCredential returns a token
[main] INFO com.azure.identity.ChainedTokenCredential - Azure Identity => Attempted credential EnvironmentCredential is unavailable.
[main] INFO com.azure.identity.ChainedTokenCredential - Azure Identity => Attempted credential WorkloadIdentityCredential is unavailable.
[azure-sdk-global-thread-32] INFO com.azure.identity.ManagedIdentityCredential - Azure Identity => Managed Identity environment: Managed Identity
[main] INFO com.azure.identity.ChainedTokenCredential - Azure Identity => Attempted credential ManagedIdentityCredential returns a token
[main] INFO org.apache.iceberg.benchmark.remapping.RemappingBenchmarkRunner - Running scenario: format=DELETION_VECTOR, density=SPARSE, deletes=10000, runs=10, strategy=SMART
[main] INFO com.azure.identity.ChainedTokenCredential - Azure Identity => Attempted credential EnvironmentCredential is unavailable.
[main] INFO com.azure.identity.ChainedTokenCredential - Azure Identity => Attempted credential WorkloadIdentityCredential is unavailable.
[azure-sdk-global-thread-33] INFO com.azure.identity.ManagedIdentityCredential - Azure Identity => Managed Identity environment: Managed Identity
[main] INFO com.azure.identity.ChainedTokenCredential - Azure Identity => Attempted credential ManagedIdentityCredential returns a token
[main] INFO com.azure.identity.ChainedTokenCredential - Azure Identity => Attempted credential EnvironmentCredential is unavailable.
[main] INFO com.azure.identity.ChainedTokenCredential - Azure Identity => Attempted credential WorkloadIdentityCredential is unavailable.
[azure-sdk-global-thread-8] INFO com.azure.identity.ManagedIdentityCredential - Azure Identity => Managed Identity environment: Managed Identity
[azure-sdk-global-thread-8] INFO com.azure.identity.ChainedTokenCredential - Azure Identity => Attempted credential ManagedIdentityCredential returns a token
[main] INFO com.azure.identity.ChainedTokenCredential - Azure Identity => Attempted credential EnvironmentCredential is unavailable.
[main] INFO com.azure.identity.ChainedTokenCredential - Azure Identity => Attempted credential WorkloadIdentityCredential is unavailable.
[azure-sdk-global-thread-1] INFO com.azure.identity.ManagedIdentityCredential - Azure Identity => Managed Identity environment: Managed Identity
[main] INFO com.azure.identity.ChainedTokenCredential - Azure Identity => Attempted credential ManagedIdentityCredential returns a token
[main] ERROR com.azure.storage.file.datalake.DataLakePathClient - Status code 404, BlobNotFound
[main] INFO com.azure.identity.ChainedTokenCredential - Azure Identity => Attempted credential EnvironmentCredential is unavailable.
[main] INFO com.azure.identity.ChainedTokenCredential - Azure Identity => Attempted credential WorkloadIdentityCredential is unavailable.
[azure-sdk-global-thread-34] INFO com.azure.identity.ManagedIdentityCredential - Azure Identity => Managed Identity environment: Managed Identity
[main] INFO com.azure.identity.ChainedTokenCredential - Azure Identity => Attempted credential ManagedIdentityCredential returns a token
[main] INFO com.azure.identity.ChainedTokenCredential - Azure Identity => Attempted credential EnvironmentCredential is unavailable.
[main] INFO com.azure.identity.ChainedTokenCredential - Azure Identity => Attempted credential WorkloadIdentityCredential is unavailable.
[azure-sdk-global-thread-35] INFO com.azure.identity.ManagedIdentityCredential - Azure Identity => Managed Identity environment: Managed Identity
[main] INFO com.azure.identity.ChainedTokenCredential - Azure Identity => Attempted credential ManagedIdentityCredential returns a token
[main] INFO com.azure.identity.ChainedTokenCredential - Azure Identity => Attempted credential EnvironmentCredential is unavailable.
[main] INFO com.azure.identity.ChainedTokenCredential - Azure Identity => Attempted credential WorkloadIdentityCredential is unavailable.
[azure-sdk-global-thread-17] INFO com.azure.identity.ManagedIdentityCredential - Azure Identity => Managed Identity environment: Managed Identity
[main] INFO com.azure.identity.ChainedTokenCredential - Azure Identity => Attempted credential ManagedIdentityCredential returns a token
[main] INFO com.azure.identity.ChainedTokenCredential - Azure Identity => Attempted credential EnvironmentCredential is unavailable.
[main] INFO com.azure.identity.ChainedTokenCredential - Azure Identity => Attempted credential WorkloadIdentityCredential is unavailable.
[azure-sdk-global-thread-36] INFO com.azure.identity.ManagedIdentityCredential - Azure Identity => Managed Identity environment: Managed Identity
[main] INFO com.azure.identity.ChainedTokenCredential - Azure Identity => Attempted credential ManagedIdentityCredential returns a token
[main] INFO com.azure.identity.ChainedTokenCredential - Azure Identity => Attempted credential EnvironmentCredential is unavailable.
[main] INFO com.azure.identity.ChainedTokenCredential - Azure Identity => Attempted credential WorkloadIdentityCredential is unavailable.
[azure-sdk-global-thread-18] INFO com.azure.identity.ManagedIdentityCredential - Azure Identity => Managed Identity environment: Managed Identity
[main] INFO com.azure.identity.ChainedTokenCredential - Azure Identity => Attempted credential ManagedIdentityCredential returns a token
[main] INFO com.azure.identity.ChainedTokenCredential - Azure Identity => Attempted credential EnvironmentCredential is unavailable.
[main] INFO com.azure.identity.ChainedTokenCredential - Azure Identity => Attempted credential WorkloadIdentityCredential is unavailable.
[azure-sdk-global-thread-37] INFO com.azure.identity.ManagedIdentityCredential - Azure Identity => Managed Identity environment: Managed Identity
[main] INFO com.azure.identity.ChainedTokenCredential - Azure Identity => Attempted credential ManagedIdentityCredential returns a token
[main] INFO com.azure.identity.ChainedTokenCredential - Azure Identity => Attempted credential EnvironmentCredential is unavailable.
[main] INFO com.azure.identity.ChainedTokenCredential - Azure Identity => Attempted credential WorkloadIdentityCredential is unavailable.
[azure-sdk-global-thread-9] INFO com.azure.identity.ManagedIdentityCredential - Azure Identity => Managed Identity environment: Managed Identity
[main] INFO com.azure.identity.ChainedTokenCredential - Azure Identity => Attempted credential ManagedIdentityCredential returns a token
[main] INFO com.azure.identity.ChainedTokenCredential - Azure Identity => Attempted credential EnvironmentCredential is unavailable.
[main] INFO com.azure.identity.ChainedTokenCredential - Azure Identity => Attempted credential WorkloadIdentityCredential is unavailable.
[azure-sdk-global-thread-38] INFO com.azure.identity.ManagedIdentityCredential - Azure Identity => Managed Identity environment: Managed Identity
[main] INFO com.azure.identity.ChainedTokenCredential - Azure Identity => Attempted credential ManagedIdentityCredential returns a token
[main] INFO org.apache.iceberg.benchmark.remapping.RemappingBenchmarkRunner - Running scenario: format=DELETION_VECTOR, density=SPARSE, deletes=10000, runs=100, strategy=SMART
[main] INFO com.azure.identity.ChainedTokenCredential - Azure Identity => Attempted credential EnvironmentCredential is unavailable.
[main] INFO com.azure.identity.ChainedTokenCredential - Azure Identity => Attempted credential WorkloadIdentityCredential is unavailable.
[azure-sdk-global-thread-19] INFO com.azure.identity.ManagedIdentityCredential - Azure Identity => Managed Identity environment: Managed Identity
[main] INFO com.azure.identity.ChainedTokenCredential - Azure Identity => Attempted credential ManagedIdentityCredential returns a token
[main] INFO com.azure.identity.ChainedTokenCredential - Azure Identity => Attempted credential EnvironmentCredential is unavailable.
[main] INFO com.azure.identity.ChainedTokenCredential - Azure Identity => Attempted credential WorkloadIdentityCredential is unavailable.
[azure-sdk-global-thread-39] INFO com.azure.identity.ManagedIdentityCredential - Azure Identity => Managed Identity environment: Managed Identity
[azure-sdk-global-thread-39] INFO com.azure.identity.ChainedTokenCredential - Azure Identity => Attempted credential ManagedIdentityCredential returns a token
[main] INFO com.azure.identity.ChainedTokenCredential - Azure Identity => Attempted credential EnvironmentCredential is unavailable.
[main] INFO com.azure.identity.ChainedTokenCredential - Azure Identity => Attempted credential WorkloadIdentityCredential is unavailable.
[azure-sdk-global-thread-4] INFO com.azure.identity.ManagedIdentityCredential - Azure Identity => Managed Identity environment: Managed Identity
[main] INFO com.azure.identity.ChainedTokenCredential - Azure Identity => Attempted credential ManagedIdentityCredential returns a token
[main] ERROR com.azure.storage.file.datalake.DataLakePathClient - Status code 404, BlobNotFound
[main] INFO com.azure.identity.ChainedTokenCredential - Azure Identity => Attempted credential EnvironmentCredential is unavailable.
[main] INFO com.azure.identity.ChainedTokenCredential - Azure Identity => Attempted credential WorkloadIdentityCredential is unavailable.
[azure-sdk-global-thread-20] INFO com.azure.identity.ManagedIdentityCredential - Azure Identity => Managed Identity environment: Managed Identity
[main] INFO com.azure.identity.ChainedTokenCredential - Azure Identity => Attempted credential ManagedIdentityCredential returns a token
[main] INFO com.azure.identity.ChainedTokenCredential - Azure Identity => Attempted credential EnvironmentCredential is unavailable.
[main] INFO com.azure.identity.ChainedTokenCredential - Azure Identity => Attempted credential WorkloadIdentityCredential is unavailable.
[azure-sdk-global-thread-10] INFO com.azure.identity.ManagedIdentityCredential - Azure Identity => Managed Identity environment: Managed Identity
[main] INFO com.azure.identity.ChainedTokenCredential - Azure Identity => Attempted credential ManagedIdentityCredential returns a token
[main] INFO com.azure.identity.ChainedTokenCredential - Azure Identity => Attempted credential EnvironmentCredential is unavailable.
[main] INFO com.azure.identity.ChainedTokenCredential - Azure Identity => Attempted credential WorkloadIdentityCredential is unavailable.
[azure-sdk-global-thread-5] INFO com.azure.identity.ManagedIdentityCredential - Azure Identity => Managed Identity environment: Managed Identity
[main] INFO com.azure.identity.ChainedTokenCredential - Azure Identity => Attempted credential ManagedIdentityCredential returns a token
[main] INFO com.azure.identity.ChainedTokenCredential - Azure Identity => Attempted credential EnvironmentCredential is unavailable.
[main] INFO com.azure.identity.ChainedTokenCredential - Azure Identity => Attempted credential WorkloadIdentityCredential is unavailable.
[azure-sdk-global-thread-21] INFO com.azure.identity.ManagedIdentityCredential - Azure Identity => Managed Identity environment: Managed Identity
[main] INFO com.azure.identity.ChainedTokenCredential - Azure Identity => Attempted credential ManagedIdentityCredential returns a token
[main] INFO com.azure.identity.ChainedTokenCredential - Azure Identity => Attempted credential EnvironmentCredential is unavailable.
[main] INFO com.azure.identity.ChainedTokenCredential - Azure Identity => Attempted credential WorkloadIdentityCredential is unavailable.
[azure-sdk-global-thread-22] INFO com.azure.identity.ManagedIdentityCredential - Azure Identity => Managed Identity environment: Managed Identity
[main] INFO com.azure.identity.ChainedTokenCredential - Azure Identity => Attempted credential ManagedIdentityCredential returns a token
[main] INFO com.azure.identity.ChainedTokenCredential - Azure Identity => Attempted credential EnvironmentCredential is unavailable.
[main] INFO com.azure.identity.ChainedTokenCredential - Azure Identity => Attempted credential WorkloadIdentityCredential is unavailable.
[azure-sdk-global-thread-2] INFO com.azure.identity.ManagedIdentityCredential - Azure Identity => Managed Identity environment: Managed Identity
[main] INFO com.azure.identity.ChainedTokenCredential - Azure Identity => Attempted credential ManagedIdentityCredential returns a token
[main] INFO com.azure.identity.ChainedTokenCredential - Azure Identity => Attempted credential EnvironmentCredential is unavailable.
[main] INFO com.azure.identity.ChainedTokenCredential - Azure Identity => Attempted credential WorkloadIdentityCredential is unavailable.
[azure-sdk-global-thread-23] INFO com.azure.identity.ManagedIdentityCredential - Azure Identity => Managed Identity environment: Managed Identity
[main] INFO com.azure.identity.ChainedTokenCredential - Azure Identity => Attempted credential ManagedIdentityCredential returns a token
[main] INFO com.azure.identity.ChainedTokenCredential - Azure Identity => Attempted credential EnvironmentCredential is unavailable.
[main] INFO com.azure.identity.ChainedTokenCredential - Azure Identity => Attempted credential WorkloadIdentityCredential is unavailable.
[azure-sdk-global-thread-11] INFO com.azure.identity.ManagedIdentityCredential - Azure Identity => Managed Identity environment: Managed Identity
[main] INFO com.azure.identity.ChainedTokenCredential - Azure Identity => Attempted credential ManagedIdentityCredential returns a token
[main] INFO org.apache.iceberg.benchmark.remapping.RemappingBenchmarkRunner - Benchmark complete. 32 results collected.
[main] INFO org.apache.iceberg.benchmark.remapping.RemappingMicrobenchmark - 
=== Benchmark Summary ===

[main] INFO org.apache.iceberg.benchmark.remapping.RemappingMicrobenchmark - --- Position Delete Files ---
[main] INFO org.apache.iceberg.benchmark.remapping.RemappingMicrobenchmark - ScenarioSummary{format=POSITION_DELETE_FILE, density=SPARSE, strategy=SMART, deletes=10000, runs=10, avgLatency=194.48ms, p99=241.75ms, read=48.4%, remap=1.0%, write=50.6%, throughput=52953/s}
[main] INFO org.apache.iceberg.benchmark.remapping.RemappingMicrobenchmark - ScenarioSummary{format=POSITION_DELETE_FILE, density=SPARSE, strategy=SMART, deletes=10000, runs=100, avgLatency=160.89ms, p99=166.48ms, read=41.3%, remap=0.7%, write=57.9%, throughput=62297/s}
[main] INFO org.apache.iceberg.benchmark.remapping.RemappingMicrobenchmark - ScenarioSummary{format=POSITION_DELETE_FILE, density=SPARSE, strategy=SMART, deletes=1000, runs=10, avgLatency=150.99ms, p99=169.26ms, read=52.5%, remap=0.2%, write=47.3%, throughput=6680/s}
[main] INFO org.apache.iceberg.benchmark.remapping.RemappingMicrobenchmark - ScenarioSummary{format=POSITION_DELETE_FILE, density=SPARSE, strategy=SMART, deletes=1000, runs=100, avgLatency=142.54ms, p99=150.46ms, read=50.0%, remap=0.2%, write=49.7%, throughput=7038/s}
[main] INFO org.apache.iceberg.benchmark.remapping.RemappingMicrobenchmark - 
--- Deletion Vectors ---
[main] INFO org.apache.iceberg.benchmark.remapping.RemappingMicrobenchmark - ScenarioSummary{format=DELETION_VECTOR, density=SPARSE, strategy=SMART, deletes=10000, runs=10, avgLatency=113.75ms, p99=114.84ms, read=53.0%, remap=7.3%, write=39.7%, throughput=87923/s}
[main] INFO org.apache.iceberg.benchmark.remapping.RemappingMicrobenchmark - ScenarioSummary{format=DELETION_VECTOR, density=SPARSE, strategy=SMART, deletes=10000, runs=100, avgLatency=112.03ms, p99=120.28ms, read=55.7%, remap=4.8%, write=39.5%, throughput=89538/s}
[main] INFO org.apache.iceberg.benchmark.remapping.RemappingMicrobenchmark - ScenarioSummary{format=DELETION_VECTOR, density=SPARSE, strategy=SMART, deletes=1000, runs=10, avgLatency=103.26ms, p99=109.09ms, read=54.7%, remap=1.5%, write=43.8%, throughput=9705/s}
[main] INFO org.apache.iceberg.benchmark.remapping.RemappingMicrobenchmark - ScenarioSummary{format=DELETION_VECTOR, density=SPARSE, strategy=SMART, deletes=1000, runs=100, avgLatency=109.59ms, p99=113.56ms, read=54.8%, remap=1.6%, write=43.7%, throughput=9134/s}
[main] INFO org.apache.iceberg.benchmark.remapping.RemappingMicrobenchmark - 
--- Strategy Comparison (avg latency ms) ---
Scenario                                     LINEAR     BINARY   INTERVAL     STREAM      RANGE      SMART
----------------------------------------------------------------------------------------------------
DELETION_VECTOR SPARSE d=d10000 r=r10             -          -          -          -          -     113.75
DELETION_VECTOR SPARSE d=d10000 r=r100            -          -          -          -          -     112.03
DELETION_VECTOR SPARSE d=d1000 r=r10              -          -          -          -          -     103.26
DELETION_VECTOR SPARSE d=d1000 r=r100             -          -          -          -          -     109.59
POSITION_DELETE FILE d=X r=d10000                 -          -          -          -          -     194.48
POSITION_DELETE FILE d=X r=d10000                 -          -          -          -          -     160.89
POSITION_DELETE FILE d=X r=d1000                  -          -          -          -          -     150.99
POSITION_DELETE FILE d=X r=d1000                  -          -          -          -          -     142.54
[main] INFO org.apache.iceberg.benchmark.remapping.RemappingMicrobenchmark - Results saved to: results/run_20260512_192020
